// Jest Snapshot v1, https://goo.gl/fbAQLP

exports[`Tests in search page should show correctly with the default values 1`] = `
<div>
  <h1>
    Search
  </h1>
  <div
    class="row"
  >
    <div
      class="col-md-5"
    >
      <h4>
        Search a hero by name
      </h4>
      <form
        class="hero-search"
      >
        <label
          for="heroName"
        />
        <input
          autocomplete="off"
          name="heroName"
          type="text"
          value=""
        />
        <button
          class="btn btn-dark mt-2"
        >
          Search
        </button>
      </form>
    </div>
    <div
      class="col-md-7 mt-4 mt-md-0"
    >
      <h4>
        Results
      </h4>
      <div
        class="alert alert-primary animate__animated animate__fadeIn"
      >
        Search a hero
      </div>
      <div
        class="alert alert-danger animate__animated animate__fadeIn"
        data-testid="error-message"
        style="display: none;"
      >
        No results found for 
        <b />
      </div>
    </div>
  </div>
</div>
`;
